// Jest Snapshot v1, https://goo.gl/fbAQLP

exports[`toolbar renders 1`] = `
<div
  className="root"
>
  <div
    className="editorHolder editorInFocus"
  >
    <div
      className={undefined}
    />
  </div>
  <div>
    ---- toolbar ------ 
  </div>
</div>
`;
