// Jest Snapshot v1, https://goo.gl/fbAQLP

exports[`MathPreview snapshot 1`] = `
<div
  className="RawMathPreview-root-1 root"
>
   
  <div>
    Static
  </div>
</div>
`;
