// Jest Snapshot v1, https://goo.gl/fbAQLP

exports[`renders correctly 1`] = `
<div
  className=""
  onFocus={undefined}
>
  <div
    className="MuiLinearProgress-root-1 MuiLinearProgress-primaryColor-2"
    mode="determinate"
    role="progressbar"
  >
    <div
      className="MuiLinearProgress-bar-8 MuiLinearProgress-primaryColorBar-3 MuiLinearProgress-indeterminateBar1-13"
      style={Object {}}
    />
    <div
      className="MuiLinearProgress-bar-8 MuiLinearProgress-primaryColorBar-3 MuiLinearProgress-indeterminateBar2-14"
      style={Object {}}
    />
  </div>
  <img
    src={undefined}
    style={
      Object {
        "height": "50px",
        "width": "50px",
      }
    }
  />
</div>
`;
