// Jest Snapshot v1, https://goo.gl/fbAQLP

exports[`token-text snapshot renders 1`] = `
<div
  onMouseUp={[Function]}
/>
`;
