// Jest Snapshot v1, https://goo.gl/fbAQLP

exports[`langs snapshot renders 1`] = `
<div>
  <WithStyles(FormControl)>
    <WithStyles(InputLabel)
      htmlFor="1"
    />
    <WithStyles(Select)
      input={
        <WithStyles(Input)
          id="1"
        />
      }
      onChange={[Function]}
    >
      <WithStyles(MenuItem)
        key="0"
        value="en-US"
      >
        en-US
      </WithStyles(MenuItem)>
      <WithStyles(MenuItem)
        key="1"
        value="es-ES"
      >
        es-ES
      </WithStyles(MenuItem)>
    </WithStyles(Select)>
  </WithStyles(FormControl)>
</div>
`;
