// Jest Snapshot v1, https://goo.gl/fbAQLP

exports[`NChoice renders n choice radio buttons vertical correctly 1`] = `
<div
  className="MuiFormControl-root-5 RawInputContainer-formControl-3"
>
  <label
    className="MuiFormLabel-root-14 MuiInputLabel-root-9 MuiInputLabel-formControl-10 MuiInputLabel-animated-13 MuiInputLabel-shrink-12 RawInputContainer-label-4"
    data-shrink={true}
  >
    n-choice-vertical
  </label>
  <div
    className="RawNChoice-group-1 RawNChoice-vertical-2"
  >
    <label
      className="MuiFormControlLabel-root-22"
    >
      <span
        className="MuiButtonBase-root-41 MuiIconButton-root-35 MuiSwitchBase-root-31 MuiRadio-root-26 MuiRadio-colorSecondary-30 MuiSwitchBase-checked-32 MuiRadio-checked-27"
        onBlur={[Function]}
        onFocus={[Function]}
        onKeyDown={[Function]}
        onKeyUp={[Function]}
        onMouseDown={[Function]}
        onMouseLeave={[Function]}
        onMouseUp={[Function]}
        onTouchEnd={[Function]}
        onTouchMove={[Function]}
        onTouchStart={[Function]}
        role={undefined}
        tabIndex={null}
      >
        <span
          className="MuiIconButton-label-40"
        >
          <svg
            aria-hidden="true"
            className="MuiSvgIcon-root-44"
            color={undefined}
            focusable="false"
            viewBox="0 0 24 24"
          >
            <path
              d="M12 7c-2.76 0-5 2.24-5 5s2.24 5 5 5 5-2.24 5-5-2.24-5-5-5zm0-5C6.48 2 2 6.48 2 12s4.48 10 10 10 10-4.48 10-10S17.52 2 12 2zm0 18c-4.42 0-8-3.58-8-8s3.58-8 8-8 8 3.58 8 8-3.58 8-8 8z"
            />
          </svg>
          <input
            autoFocus={undefined}
            checked={true}
            className="MuiSwitchBase-input-34"
            disabled={false}
            id={undefined}
            name={undefined}
            onChange={[Function]}
            readOnly={undefined}
            required={undefined}
            tabIndex={undefined}
            type="radio"
            value="left"
          />
        </span>
        <span
          className="MuiTouchRipple-root-51"
        />
      </span>
      <span
        className="MuiTypography-root-58 MuiTypography-body1-67 MuiFormControlLabel-label-25 Component-label-21"
      >
        left
      </span>
    </label>
    <label
      className="MuiFormControlLabel-root-22"
    >
      <span
        className="MuiButtonBase-root-41 MuiIconButton-root-35 MuiSwitchBase-root-31 MuiRadio-root-26 MuiRadio-colorSecondary-30"
        onBlur={[Function]}
        onFocus={[Function]}
        onKeyDown={[Function]}
        onKeyUp={[Function]}
        onMouseDown={[Function]}
        onMouseLeave={[Function]}
        onMouseUp={[Function]}
        onTouchEnd={[Function]}
        onTouchMove={[Function]}
        onTouchStart={[Function]}
        role={undefined}
        tabIndex={null}
      >
        <span
          className="MuiIconButton-label-40"
        >
          <svg
            aria-hidden="true"
            className="MuiSvgIcon-root-44"
            color={undefined}
            focusable="false"
            viewBox="0 0 24 24"
          >
            <path
              d="M12 2C6.48 2 2 6.48 2 12s4.48 10 10 10 10-4.48 10-10S17.52 2 12 2zm0 18c-4.42 0-8-3.58-8-8s3.58-8 8-8 8 3.58 8 8-3.58 8-8 8z"
            />
          </svg>
          <input
            autoFocus={undefined}
            checked={false}
            className="MuiSwitchBase-input-34"
            disabled={false}
            id={undefined}
            name={undefined}
            onChange={[Function]}
            readOnly={undefined}
            required={undefined}
            tabIndex={undefined}
            type="radio"
            value="center"
          />
        </span>
        <span
          className="MuiTouchRipple-root-51"
        />
      </span>
      <span
        className="MuiTypography-root-58 MuiTypography-body1-67 MuiFormControlLabel-label-25 Component-label-21"
      >
        center
      </span>
    </label>
    <label
      className="MuiFormControlLabel-root-22"
    >
      <span
        className="MuiButtonBase-root-41 MuiIconButton-root-35 MuiSwitchBase-root-31 MuiRadio-root-26 MuiRadio-colorSecondary-30"
        onBlur={[Function]}
        onFocus={[Function]}
        onKeyDown={[Function]}
        onKeyUp={[Function]}
        onMouseDown={[Function]}
        onMouseLeave={[Function]}
        onMouseUp={[Function]}
        onTouchEnd={[Function]}
        onTouchMove={[Function]}
        onTouchStart={[Function]}
        role={undefined}
        tabIndex={null}
      >
        <span
          className="MuiIconButton-label-40"
        >
          <svg
            aria-hidden="true"
            className="MuiSvgIcon-root-44"
            color={undefined}
            focusable="false"
            viewBox="0 0 24 24"
          >
            <path
              d="M12 2C6.48 2 2 6.48 2 12s4.48 10 10 10 10-4.48 10-10S17.52 2 12 2zm0 18c-4.42 0-8-3.58-8-8s3.58-8 8-8 8 3.58 8 8-3.58 8-8 8z"
            />
          </svg>
          <input
            autoFocus={undefined}
            checked={false}
            className="MuiSwitchBase-input-34"
            disabled={false}
            id={undefined}
            name={undefined}
            onChange={[Function]}
            readOnly={undefined}
            required={undefined}
            tabIndex={undefined}
            type="radio"
            value="right"
          />
        </span>
        <span
          className="MuiTouchRipple-root-51"
        />
      </span>
      <span
        className="MuiTypography-root-58 MuiTypography-body1-67 MuiFormControlLabel-label-25 Component-label-21"
      >
        right
      </span>
    </label>
  </div>
</div>
`;
