// Jest Snapshot v1, https://goo.gl/fbAQLP

exports[`ChartAxes snapshot renders 1`] = `
<div
  className="className"
>
  <WithStyles(Root)
    classes={Object {}}
    graphProps={
      Object {
        "domain": Object {
          "labelStep": 1,
          "max": 1,
          "min": 0,
          "step": 1,
        },
        "getRootNode": [Function],
        "range": Object {
          "max": 10,
          "min": 0,
          "step": 1,
        },
        "scale": Object {
          "x": [Function],
          "y": [Function],
        },
        "size": Object {
          "height": 100,
          "width": 100,
        },
        "snap": Object {
          "x": [Function],
          "y": [Function],
        },
      }
    }
    rootRef={[Function]}
  >
    <WithStyles(Grid)
      columnTickValues={Array []}
      data={Array []}
      graphProps={
        Object {
          "domain": Object {
            "labelStep": 1,
            "max": 1,
            "min": 0,
            "step": 1,
          },
          "getRootNode": [Function],
          "range": Object {
            "max": 10,
            "min": 0,
            "step": 1,
          },
          "scale": Object {
            "x": [Function],
            "y": [Function],
          },
          "size": Object {
            "height": 100,
            "width": 100,
          },
          "snap": Object {
            "x": [Function],
            "y": [Function],
          },
        }
      }
      rowTickValues={
        Array [
          0,
        ]
      }
      xBand={[Function]}
    />
    <WithStyles(RawChartAxes)
      data={Array []}
      graphProps={
        Object {
          "domain": Object {
            "labelStep": 1,
            "max": 1,
            "min": 0,
            "step": 1,
          },
          "getRootNode": [Function],
          "range": Object {
            "max": 10,
            "min": 0,
            "step": 1,
          },
          "scale": Object {
            "x": [Function],
            "y": [Function],
          },
          "size": Object {
            "height": 100,
            "width": 100,
          },
          "snap": Object {
            "x": [Function],
            "y": [Function],
          },
        }
      }
      leftAxis={true}
      xBand={[Function]}
    />
    <mask
      id="myMask"
    >
      <rect
        fill="white"
        height={120}
        width={120}
        x={-10}
        y={-10}
      />
    </mask>
    <g
      id="marks"
      mask="url('#myMask')"
    >
      <Component
        data={Array []}
        graphProps={
          Object {
            "domain": Object {
              "labelStep": 1,
              "max": 1,
              "min": 0,
              "step": 1,
            },
            "getRootNode": [Function],
            "range": Object {
              "max": 10,
              "min": 0,
              "step": 1,
            },
            "scale": Object {
              "x": [Function],
              "y": [Function],
            },
            "size": Object {
              "height": 100,
              "width": 100,
            },
            "snap": Object {
              "x": [Function],
              "y": [Function],
            },
          }
        }
        onChange={[Function]}
      />
    </g>
  </WithStyles(Root)>
</div>
`;

exports[`ChartAxes snapshot renders with chartType property and empty charts property 1`] = `
<div
  className="className"
>
  <WithStyles(Root)
    classes={Object {}}
    graphProps={
      Object {
        "domain": Object {
          "labelStep": 1,
          "max": 1,
          "min": 0,
          "step": 1,
        },
        "getRootNode": [Function],
        "range": Object {
          "max": 10,
          "min": 0,
          "step": 1,
        },
        "scale": Object {
          "x": [Function],
          "y": [Function],
        },
        "size": Object {
          "height": 100,
          "width": 100,
        },
        "snap": Object {
          "x": [Function],
          "y": [Function],
        },
      }
    }
    rootRef={[Function]}
  >
    <WithStyles(Grid)
      columnTickValues={Array []}
      data={Array []}
      graphProps={
        Object {
          "domain": Object {
            "labelStep": 1,
            "max": 1,
            "min": 0,
            "step": 1,
          },
          "getRootNode": [Function],
          "range": Object {
            "max": 10,
            "min": 0,
            "step": 1,
          },
          "scale": Object {
            "x": [Function],
            "y": [Function],
          },
          "size": Object {
            "height": 100,
            "width": 100,
          },
          "snap": Object {
            "x": [Function],
            "y": [Function],
          },
        }
      }
      rowTickValues={
        Array [
          0,
        ]
      }
      xBand={[Function]}
    />
    <WithStyles(RawChartAxes)
      data={Array []}
      graphProps={
        Object {
          "domain": Object {
            "labelStep": 1,
            "max": 1,
            "min": 0,
            "step": 1,
          },
          "getRootNode": [Function],
          "range": Object {
            "max": 10,
            "min": 0,
            "step": 1,
          },
          "scale": Object {
            "x": [Function],
            "y": [Function],
          },
          "size": Object {
            "height": 100,
            "width": 100,
          },
          "snap": Object {
            "x": [Function],
            "y": [Function],
          },
        }
      }
      leftAxis={true}
      xBand={[Function]}
    />
    <mask
      id="myMask"
    >
      <rect
        fill="white"
        height={120}
        width={120}
        x={-10}
        y={-10}
      />
    </mask>
    <g
      id="marks"
      mask="url('#myMask')"
    >
      <Component
        data={Array []}
        graphProps={
          Object {
            "domain": Object {
              "labelStep": 1,
              "max": 1,
              "min": 0,
              "step": 1,
            },
            "getRootNode": [Function],
            "range": Object {
              "max": 10,
              "min": 0,
              "step": 1,
            },
            "scale": Object {
              "x": [Function],
              "y": [Function],
            },
            "size": Object {
              "height": 100,
              "width": 100,
            },
            "snap": Object {
              "x": [Function],
              "y": [Function],
            },
          }
        }
        onChange={[Function]}
      />
    </g>
  </WithStyles(Root)>
</div>
`;

exports[`ChartAxes snapshot renders without chartType and charts properties 1`] = `
<div
  className="className"
>
  <WithStyles(Root)
    classes={Object {}}
    graphProps={
      Object {
        "domain": Object {
          "labelStep": 1,
          "max": 1,
          "min": 0,
          "step": 1,
        },
        "getRootNode": [Function],
        "range": Object {
          "max": 10,
          "min": 0,
          "step": 1,
        },
        "scale": Object {
          "x": [Function],
          "y": [Function],
        },
        "size": Object {
          "height": 100,
          "width": 100,
        },
        "snap": Object {
          "x": [Function],
          "y": [Function],
        },
      }
    }
    rootRef={[Function]}
  >
    <WithStyles(Grid)
      columnTickValues={Array []}
      data={Array []}
      graphProps={
        Object {
          "domain": Object {
            "labelStep": 1,
            "max": 1,
            "min": 0,
            "step": 1,
          },
          "getRootNode": [Function],
          "range": Object {
            "max": 10,
            "min": 0,
            "step": 1,
          },
          "scale": Object {
            "x": [Function],
            "y": [Function],
          },
          "size": Object {
            "height": 100,
            "width": 100,
          },
          "snap": Object {
            "x": [Function],
            "y": [Function],
          },
        }
      }
      rowTickValues={
        Array [
          0,
        ]
      }
      xBand={[Function]}
    />
    <WithStyles(RawChartAxes)
      data={Array []}
      graphProps={
        Object {
          "domain": Object {
            "labelStep": 1,
            "max": 1,
            "min": 0,
            "step": 1,
          },
          "getRootNode": [Function],
          "range": Object {
            "max": 10,
            "min": 0,
            "step": 1,
          },
          "scale": Object {
            "x": [Function],
            "y": [Function],
          },
          "size": Object {
            "height": 100,
            "width": 100,
          },
          "snap": Object {
            "x": [Function],
            "y": [Function],
          },
        }
      }
      leftAxis={true}
      xBand={[Function]}
    />
    <mask
      id="myMask"
    >
      <rect
        fill="white"
        height={120}
        width={120}
        x={-10}
        y={-10}
      />
    </mask>
    <g
      id="marks"
      mask="url('#myMask')"
    >
      <Component
        data={Array []}
        graphProps={
          Object {
            "domain": Object {
              "labelStep": 1,
              "max": 1,
              "min": 0,
              "step": 1,
            },
            "getRootNode": [Function],
            "range": Object {
              "max": 10,
              "min": 0,
              "step": 1,
            },
            "scale": Object {
              "x": [Function],
              "y": [Function],
            },
            "size": Object {
              "height": 100,
              "width": 100,
            },
            "snap": Object {
              "x": [Function],
              "y": [Function],
            },
          }
        }
        onChange={[Function]}
      />
    </g>
  </WithStyles(Root)>
</div>
`;

exports[`ChartAxes snapshot renders without chartType property 1`] = `
<div
  className="className"
>
  <WithStyles(Root)
    classes={Object {}}
    graphProps={
      Object {
        "domain": Object {
          "labelStep": 1,
          "max": 1,
          "min": 0,
          "step": 1,
        },
        "getRootNode": [Function],
        "range": Object {
          "max": 10,
          "min": 0,
          "step": 1,
        },
        "scale": Object {
          "x": [Function],
          "y": [Function],
        },
        "size": Object {
          "height": 100,
          "width": 100,
        },
        "snap": Object {
          "x": [Function],
          "y": [Function],
        },
      }
    }
    rootRef={[Function]}
  >
    <WithStyles(Grid)
      columnTickValues={Array []}
      data={Array []}
      graphProps={
        Object {
          "domain": Object {
            "labelStep": 1,
            "max": 1,
            "min": 0,
            "step": 1,
          },
          "getRootNode": [Function],
          "range": Object {
            "max": 10,
            "min": 0,
            "step": 1,
          },
          "scale": Object {
            "x": [Function],
            "y": [Function],
          },
          "size": Object {
            "height": 100,
            "width": 100,
          },
          "snap": Object {
            "x": [Function],
            "y": [Function],
          },
        }
      }
      rowTickValues={
        Array [
          0,
        ]
      }
      xBand={[Function]}
    />
    <WithStyles(RawChartAxes)
      data={Array []}
      graphProps={
        Object {
          "domain": Object {
            "labelStep": 1,
            "max": 1,
            "min": 0,
            "step": 1,
          },
          "getRootNode": [Function],
          "range": Object {
            "max": 10,
            "min": 0,
            "step": 1,
          },
          "scale": Object {
            "x": [Function],
            "y": [Function],
          },
          "size": Object {
            "height": 100,
            "width": 100,
          },
          "snap": Object {
            "x": [Function],
            "y": [Function],
          },
        }
      }
      leftAxis={true}
      xBand={[Function]}
    />
    <mask
      id="myMask"
    >
      <rect
        fill="white"
        height={120}
        width={120}
        x={-10}
        y={-10}
      />
    </mask>
    <g
      id="marks"
      mask="url('#myMask')"
    >
      <Component
        data={Array []}
        graphProps={
          Object {
            "domain": Object {
              "labelStep": 1,
              "max": 1,
              "min": 0,
              "step": 1,
            },
            "getRootNode": [Function],
            "range": Object {
              "max": 10,
              "min": 0,
              "step": 1,
            },
            "scale": Object {
              "x": [Function],
              "y": [Function],
            },
            "size": Object {
              "height": 100,
              "width": 100,
            },
            "snap": Object {
              "x": [Function],
              "y": [Function],
            },
          }
        }
        onChange={[Function]}
      />
    </g>
  </WithStyles(Root)>
</div>
`;

exports[`ChartAxes snapshot renders without chartType property and empty charts property 1`] = `
<div
  className="className"
>
  <WithStyles(Root)
    classes={Object {}}
    graphProps={
      Object {
        "domain": Object {
          "labelStep": 1,
          "max": 1,
          "min": 0,
          "step": 1,
        },
        "getRootNode": [Function],
        "range": Object {
          "max": 10,
          "min": 0,
          "step": 1,
        },
        "scale": Object {
          "x": [Function],
          "y": [Function],
        },
        "size": Object {
          "height": 100,
          "width": 100,
        },
        "snap": Object {
          "x": [Function],
          "y": [Function],
        },
      }
    }
    rootRef={[Function]}
  >
    <WithStyles(Grid)
      columnTickValues={Array []}
      data={Array []}
      graphProps={
        Object {
          "domain": Object {
            "labelStep": 1,
            "max": 1,
            "min": 0,
            "step": 1,
          },
          "getRootNode": [Function],
          "range": Object {
            "max": 10,
            "min": 0,
            "step": 1,
          },
          "scale": Object {
            "x": [Function],
            "y": [Function],
          },
          "size": Object {
            "height": 100,
            "width": 100,
          },
          "snap": Object {
            "x": [Function],
            "y": [Function],
          },
        }
      }
      rowTickValues={
        Array [
          0,
        ]
      }
      xBand={[Function]}
    />
    <WithStyles(RawChartAxes)
      data={Array []}
      graphProps={
        Object {
          "domain": Object {
            "labelStep": 1,
            "max": 1,
            "min": 0,
            "step": 1,
          },
          "getRootNode": [Function],
          "range": Object {
            "max": 10,
            "min": 0,
            "step": 1,
          },
          "scale": Object {
            "x": [Function],
            "y": [Function],
          },
          "size": Object {
            "height": 100,
            "width": 100,
          },
          "snap": Object {
            "x": [Function],
            "y": [Function],
          },
        }
      }
      leftAxis={true}
      xBand={[Function]}
    />
    <mask
      id="myMask"
    >
      <rect
        fill="white"
        height={120}
        width={120}
        x={-10}
        y={-10}
      />
    </mask>
    <g
      id="marks"
      mask="url('#myMask')"
    >
      <Component
        data={Array []}
        graphProps={
          Object {
            "domain": Object {
              "labelStep": 1,
              "max": 1,
              "min": 0,
              "step": 1,
            },
            "getRootNode": [Function],
            "range": Object {
              "max": 10,
              "min": 0,
              "step": 1,
            },
            "scale": Object {
              "x": [Function],
              "y": [Function],
            },
            "size": Object {
              "height": 100,
              "width": 100,
            },
            "snap": Object {
              "x": [Function],
              "y": [Function],
            },
          }
        }
        onChange={[Function]}
      />
    </g>
  </WithStyles(Root)>
</div>
`;
