// Jest Snapshot v1, https://goo.gl/fbAQLP

exports[`feedback-menu renders correctly 1`] = `
<div>
  <div
    onClick={[Function]}
  >
    <button
      aria-label="Feedback disabled"
      className="MuiButtonBase-root-7 MuiIconButton-root-1"
      disabled={false}
      onBlur={[Function]}
      onFocus={[Function]}
      onKeyDown={[Function]}
      onKeyUp={[Function]}
      onMouseDown={[Function]}
      onMouseLeave={[Function]}
      onMouseUp={[Function]}
      onTouchEnd={[Function]}
      onTouchMove={[Function]}
      onTouchStart={[Function]}
      tabIndex="0"
      type="button"
    >
      <span
        className="MuiIconButton-label-6"
      >
        <svg
          aria-hidden="true"
          className="MuiSvgIcon-root-10 MuiSvgIcon-colorDisabled-15"
          color={undefined}
          focusable="false"
          viewBox="0 0 24 24"
        >
          <g>
            <path
              d="M20 2H4c-1.1 0-1.99.9-1.99 2L2 22l4-4h14c1.1 0 2-.9 2-2V4c0-1.1-.9-2-2-2zm-7 12h-2v-2h2v2zm0-4h-2V6h2v4z"
            />
          </g>
        </svg>
      </span>
      <span
        className="MuiTouchRipple-root-17"
      />
    </button>
  </div>
</div>
`;
