// Jest Snapshot v1, https://goo.gl/fbAQLP

exports[`Labels snapshot renders 1`] = `<Fragment />`;
