// Jest Snapshot v1, https://goo.gl/fbAQLP

exports[`ToggleBar snapshot renders 1`] = `
<div
  className="className"
>
  <WithStyles(Component)
    className=""
    key="one"
    onClick={[Function]}
    selected={false}
    value="one"
  />
  <WithStyles(Component)
    className=""
    key="two"
    onClick={[Function]}
    selected={false}
    value="two"
  />
</div>
`;
