// Jest Snapshot v1, https://goo.gl/fbAQLP

exports[`ToolMenu snapshot renders 1`] = `
<div
  className="className"
>
  <WithStyles(ToggleBar)
    onChange={[MockFunction]}
    options={Array []}
  />
</div>
`;
